EDA Netlist Writer report for SCOMP
Sat Jul 25 18:29:04 2026
Quartus Prime Version 25.1std.0 Build 1129 10/21/2025 Patches 0.02std SC Lite Edition


---------------------
; Table of Contents ;
---------------------
  1. Legal Notice
  2. EDA Netlist Writer Summary
  3. Simulation Settings
  4. Simulation Generated Files
  5. EDA Netlist Writer Messages



----------------
; Legal Notice ;
----------------
Copyright (C) 2025  Altera Corporation. All rights reserved.
Your use of Altera Corporation's design tools, logic functions 
and other software and tools, and any partner logic 
functions, and any output files from any of the foregoing 
(including device programming or simulation files), and any 
associated documentation or information are expressly subject 
to the terms and conditions of the Altera Program License 
Subscription Agreement, the Altera Quartus Prime License Agreement,
the Altera IP License Agreement, or other applicable license
agreement, including, without limitation, that your use is for
the sole purpose of programming logic devices manufactured by
Altera and sold by Altera or its authorized distributors.  Please
refer to the Altera Software License Subscription Agreements 
on the Quartus Prime software download page.



+-------------------------------------------------------------------+
; EDA Netlist Writer Summary                                        ;
+---------------------------+---------------------------------------+
; EDA Netlist Writer Status ; Successful - Sat Jul 25 18:29:04 2026 ;
; Revision Name             ; SCOMP                                 ;
; Top-level Entity Name     ; SCOMP_System                          ;
; Family                    ; MAX 10                                ;
; Simulation Files Creation ; Successful                            ;
+---------------------------+---------------------------------------+


+----------------------------------------------------------------------------------------------------------------------------------+
; Simulation Settings                                                                                                              ;
+---------------------------------------------------------------------------------------------------+------------------------------+
; Option                                                                                            ; Setting                      ;
+---------------------------------------------------------------------------------------------------+------------------------------+
; Tool Name                                                                                         ; Questa Altera FPGA (Verilog) ;
; Generate functional simulation netlist                                                            ; On                           ;
; Truncate long hierarchy paths                                                                     ; Off                          ;
; Map illegal HDL characters                                                                        ; Off                          ;
; Flatten buses into individual nodes                                                               ; Off                          ;
; Maintain hierarchy                                                                                ; Off                          ;
; Bring out device-wide set/reset signals as ports                                                  ; Off                          ;
; Enable glitch filtering                                                                           ; Off                          ;
; Do not write top level VHDL entity                                                                ; Off                          ;
; Disable detection of setup and hold time violations in the input registers of bi-directional pins ; Off                          ;
; Architecture name in VHDL output netlist                                                          ; structure                    ;
; Generate third-party EDA tool command script for RTL functional simulation                        ; Off                          ;
; Generate third-party EDA tool command script for gate-level simulation                            ; Off                          ;
+---------------------------------------------------------------------------------------------------+------------------------------+


+----------------------------------------------------------------------------------------------------+
; Simulation Generated Files                                                                         ;
+----------------------------------------------------------------------------------------------------+
; Generated Files                                                                                    ;
+----------------------------------------------------------------------------------------------------+
; C:/Users/Tyler Whelan/Documents/GitHub/SwitchesPlusPlus/SCOMP_Lab8_Lite/simulation/questa/SCOMP.vo ;
+----------------------------------------------------------------------------------------------------+


+-----------------------------+
; EDA Netlist Writer Messages ;
+-----------------------------+
Info: *******************************************************************
Info: Running Quartus Prime EDA Netlist Writer
    Info: Version 25.1std.0 Build 1129 10/21/2025 Patches 0.02std SC Lite Edition
    Info: Processing started: Sat Jul 25 18:29:04 2026
Info: Command: quartus_eda --read_settings_files=off --write_settings_files=off SCOMP -c SCOMP
Info (204019): Generated file SCOMP.vo in folder "C:/Users/Tyler Whelan/Documents/GitHub/SwitchesPlusPlus/SCOMP_Lab8_Lite/simulation/questa/" for EDA simulation tool
Info: Quartus Prime EDA Netlist Writer was successful. 0 errors, 0 warnings
    Info: Peak virtual memory: 4689 megabytes
    Info: Processing ended: Sat Jul 25 18:29:04 2026
    Info: Elapsed time: 00:00:00
    Info: Total CPU time (on all processors): 00:00:01


