MIF/HEX Update report for SCOMP
Sun Jul 26 00:40:14 2026
Quartus Prime Version 25.1std.0 Build 1129 10/21/2025 Patches 0.02std SC Lite Edition


---------------------
; Table of Contents ;
---------------------
  1. Legal Notice
  2. MIF/HEX Update Summary
  3. MIF/HEX Update Processed Files
  4. MIF/HEX Update Messages



----------------
; Legal Notice ;
----------------
Copyright (C) 2025  Altera Corporation. All rights reserved.
Your use of Altera Corporation's design tools, logic functions 
and other software and tools, and any partner logic 
functions, and any output files from any of the foregoing 
(including device programming or simulation files), and any 
associated documentation or information are expressly subject 
to the terms and conditions of the Altera Program License 
Subscription Agreement, the Altera Quartus Prime License Agreement,
the Altera IP License Agreement, or other applicable license
agreement, including, without limitation, that your use is for
the sole purpose of programming logic devices manufactured by
Altera and sold by Altera or its authorized distributors.  Please
refer to the Altera Software License Subscription Agreements 
on the Quartus Prime software download page.



+---------------------------------------------------------------+
; MIF/HEX Update Summary                                        ;
+-----------------------+---------------------------------------+
; MIF/HEX Update Status ; Successful - Sun Jul 26 00:40:14 2026 ;
; Revision Name         ; SCOMP                                 ;
; Top-level Entity Name ; SCOMP_System                          ;
; Family                ; MAX 10                                ;
; Device                ; 10M50DAF484C7G                        ;
+-----------------------+---------------------------------------+


+----------------------------------------------------------------------------------------------+
; MIF/HEX Update Processed Files                                                               ;
+----------------------------------------------------------------------------------------------+
; File Name                                                                                    ;
+----------------------------------------------------------------------------------------------+
; C:/Users/Tyler Whelan/Documents/GitHub/SwitchesPlusPlus/SCOMP_Lab8_Lite/SwitchesPlusDemo.mif ;
+----------------------------------------------------------------------------------------------+


+-------------------------+
; MIF/HEX Update Messages ;
+-------------------------+
Info: *******************************************************************
Info: Running Quartus Prime MIF/HEX Update
    Info: Version 25.1std.0 Build 1129 10/21/2025 Patches 0.02std SC Lite Edition
    Info: Processing started: Sun Jul 26 00:40:13 2026
Info: Command: quartus_cdb SCOMP -c SCOMP --update_mif
Info (39024): Processed the following Memory Initialization File(s)
    Info (39025): Processed Memory Initialization File C:/Users/Tyler Whelan/Documents/GitHub/SwitchesPlusPlus/SCOMP_Lab8_Lite/SwitchesPlusDemo.mif File: C:/Users/Tyler Whelan/Documents/GitHub/SwitchesPlusPlus/SCOMP_Lab8_Lite/SwitchesPlusDemo.mif Line: 0
Info: Quartus Prime MIF/HEX Update was successful. 0 errors, 0 warnings
    Info: Peak virtual memory: 4764 megabytes
    Info: Processing ended: Sun Jul 26 00:40:14 2026
    Info: Elapsed time: 00:00:01
    Info: Total CPU time (on all processors): 00:00:01


