------------------------------------------------------------
Timing Analyzer Summary
------------------------------------------------------------

Type  : Slow 1200mV 85C Model Setup 'SCOMP:inst|IO_WRITE'
Slack : -8.299
TNS   : -234.969

Type  : Slow 1200mV 85C Model Setup 'inst1|altpll_component|auto_generated|pll1|clk[0]'
Slack : -6.739
TNS   : -139.512

Type  : Slow 1200mV 85C Model Setup 'clk_div:inst5|clock_10Hz'
Slack : -1.786
TNS   : -19.063

Type  : Slow 1200mV 85C Model Hold 'SCOMP:inst|IO_WRITE'
Slack : -0.403
TNS   : -0.403

Type  : Slow 1200mV 85C Model Hold 'clk_div:inst5|clock_10Hz'
Slack : 0.363
TNS   : 0.000

Type  : Slow 1200mV 85C Model Hold 'inst1|altpll_component|auto_generated|pll1|clk[0]'
Slack : 0.414
TNS   : 0.000

Type  : Slow 1200mV 85C Model Recovery 'clk_div:inst5|clock_10Hz'
Slack : -4.582
TNS   : -73.276

Type  : Slow 1200mV 85C Model Removal 'clk_div:inst5|clock_10Hz'
Slack : 1.321
TNS   : 0.000

Type  : Slow 1200mV 85C Model Minimum Pulse Width 'SCOMP:inst|IO_WRITE'
Slack : -1.403
TNS   : -47.702

Type  : Slow 1200mV 85C Model Minimum Pulse Width 'clk_div:inst5|clock_10Hz'
Slack : -1.403
TNS   : -22.448

Type  : Slow 1200mV 85C Model Minimum Pulse Width 'clock_50'
Slack : 9.844
TNS   : 0.000

Type  : Slow 1200mV 85C Model Minimum Pulse Width 'inst1|altpll_component|auto_generated|pll1|clk[0]'
Slack : 49.669
TNS   : 0.000

Type  : Slow 1200mV 0C Model Setup 'SCOMP:inst|IO_WRITE'
Slack : -7.950
TNS   : -225.777

Type  : Slow 1200mV 0C Model Setup 'inst1|altpll_component|auto_generated|pll1|clk[0]'
Slack : -5.932
TNS   : -116.111

Type  : Slow 1200mV 0C Model Setup 'clk_div:inst5|clock_10Hz'
Slack : -1.500
TNS   : -15.675

Type  : Slow 1200mV 0C Model Hold 'SCOMP:inst|IO_WRITE'
Slack : -0.100
TNS   : -0.100

Type  : Slow 1200mV 0C Model Hold 'inst1|altpll_component|auto_generated|pll1|clk[0]'
Slack : 0.161
TNS   : 0.000

Type  : Slow 1200mV 0C Model Hold 'clk_div:inst5|clock_10Hz'
Slack : 0.328
TNS   : 0.000

Type  : Slow 1200mV 0C Model Recovery 'clk_div:inst5|clock_10Hz'
Slack : -4.518
TNS   : -72.255

Type  : Slow 1200mV 0C Model Removal 'clk_div:inst5|clock_10Hz'
Slack : 1.288
TNS   : 0.000

Type  : Slow 1200mV 0C Model Minimum Pulse Width 'SCOMP:inst|IO_WRITE'
Slack : -1.403
TNS   : -47.702

Type  : Slow 1200mV 0C Model Minimum Pulse Width 'clk_div:inst5|clock_10Hz'
Slack : -1.403
TNS   : -22.448

Type  : Slow 1200mV 0C Model Minimum Pulse Width 'clock_50'
Slack : 9.857
TNS   : 0.000

Type  : Slow 1200mV 0C Model Minimum Pulse Width 'inst1|altpll_component|auto_generated|pll1|clk[0]'
Slack : 49.685
TNS   : 0.000

Type  : Fast 1200mV 0C Model Setup 'SCOMP:inst|IO_WRITE'
Slack : -3.304
TNS   : -86.386

Type  : Fast 1200mV 0C Model Setup 'inst1|altpll_component|auto_generated|pll1|clk[0]'
Slack : -2.763
TNS   : -50.378

Type  : Fast 1200mV 0C Model Setup 'clk_div:inst5|clock_10Hz'
Slack : -0.119
TNS   : -0.291

Type  : Fast 1200mV 0C Model Hold 'SCOMP:inst|IO_WRITE'
Slack : -0.493
TNS   : -0.818

Type  : Fast 1200mV 0C Model Hold 'clk_div:inst5|clock_10Hz'
Slack : 0.156
TNS   : 0.000

Type  : Fast 1200mV 0C Model Hold 'inst1|altpll_component|auto_generated|pll1|clk[0]'
Slack : 0.205
TNS   : 0.000

Type  : Fast 1200mV 0C Model Recovery 'clk_div:inst5|clock_10Hz'
Slack : -1.522
TNS   : -24.340

Type  : Fast 1200mV 0C Model Removal 'clk_div:inst5|clock_10Hz'
Slack : 0.377
TNS   : 0.000

Type  : Fast 1200mV 0C Model Minimum Pulse Width 'SCOMP:inst|IO_WRITE'
Slack : -1.000
TNS   : -34.000

Type  : Fast 1200mV 0C Model Minimum Pulse Width 'clk_div:inst5|clock_10Hz'
Slack : -1.000
TNS   : -16.000

Type  : Fast 1200mV 0C Model Minimum Pulse Width 'clock_50'
Slack : 9.532
TNS   : 0.000

Type  : Fast 1200mV 0C Model Minimum Pulse Width 'inst1|altpll_component|auto_generated|pll1|clk[0]'
Slack : 49.712
TNS   : 0.000

------------------------------------------------------------
